// Jest Snapshot v1, https://goo.gl/fbAQLP

exports[`Root Component Tests Matches Mounted SnapShot 1`] = `
<ModalTest>
  <Modal
    className="nw-modal"
    isOpen={true}
    onClose={[Function]}
  >
    <ModalContainer
      className="nw-modal"
      onClose={[Function]}
      preventfix={false}
    >
      <div
        className="nwc-modal-container nw-modal"
        onClick={[Function]}
        onKeyDown={[Function]}
        role="button"
        tabIndex={0}
      >
        <div
          className="nwc-modal"
          onClick={[Function]}
          onKeyDown={null}
          role="presentation"
        >
          <Close
            className="nwc-close-normal nwc-modal-close"
            onClick={[Function]}
          >
            <Button
              className="nwc-close nwc-close-normal nwc-modal-close"
              onClick={[Function]}
            >
              <button
                className="nwc-btn nwc-close nwc-close-normal nwc-modal-close"
                onClick={[Function]}
                tabIndex="0"
              >
                ×
              </button>
            </Button>
          </Close>
          <div
            className="nwc-custom-scrollbar nwc-modal-children"
          >
            <div>
              Hai
            </div>
          </div>
        </div>
      </div>
    </ModalContainer>
  </Modal>
</ModalTest>
`;

exports[`Root Component Tests Matches Mounted SnapShot Mobile 1`] = `
<ModalTest>
  <Modal
    className="nw-modal"
    isOpen={true}
    onClose={[Function]}
  >
    <ModalContainer
      className="nw-modal"
      onClose={[Function]}
      preventfix={false}
    >
      <div
        className="nwc-modal-container nw-modal"
        onClick={[Function]}
        onKeyDown={[Function]}
        role="button"
        tabIndex={0}
      >
        <div
          className="nwc-modal"
          onClick={[Function]}
          onKeyDown={null}
          role="presentation"
        >
          <Close
            className="nwc-close-normal nwc-modal-close"
            onClick={[Function]}
          >
            <Button
              className="nwc-close nwc-close-normal nwc-modal-close"
              onClick={[Function]}
            >
              <button
                className="nwc-btn nwc-close nwc-close-normal nwc-modal-close"
                onClick={[Function]}
                tabIndex="0"
              >
                ×
              </button>
            </Button>
          </Close>
          <div
            className="nwc-custom-scrollbar nwc-modal-children"
          >
            <div>
              Hai
            </div>
          </div>
        </div>
      </div>
    </ModalContainer>
  </Modal>
</ModalTest>
`;

exports[`Root Component Tests Matches Shallow SnapShot 1`] = `
<Modal
  className="nw-modal"
  isOpen={false}
  onClose={[Function]}
>
  <div>
    Hai
  </div>
</Modal>
`;
