// Jest Snapshot v1, https://goo.gl/fbAQLP

exports[`Root Component Tests Matches Mounted SnapShot 1`] = `
<SelectExample>
  <Select
    className=""
    getSelection={[Function]}
    id="select-test"
    inpList={
      Array [
        "Delhi",
        "Mumbai",
        "Gujarat",
        "Karnataka",
      ]
    }
    renderList={[Function]}
    selectedIndex={-1}
    selectedValue="Delhi"
  >
    <div
      className="nwc-select-container "
    >
      <Label
        className="nwc-select"
        htmlFor="select-test"
      >
        <label
          className="nwc-select"
          htmlFor="select-test"
        >
          <input
            type="hidden"
          />
          Delhi
          <Input
            checked={null}
            className="nwc-inp-hide nwc-inp-dash nwc-inp-sm"
            disabled={false}
            id="select-test"
            inputRef={[Function]}
            maxLength={null}
            name={null}
            onBlur={[Function]}
            onChange={[Function]}
            onFocus={[Function]}
            onKeyDown={[Function]}
            placeholder="Enter text"
            readOnly={false}
            type="text"
            validateWithPattern={null}
            value=""
          >
            <input
              checked={null}
              className="nwc-inp  nwc-inp-hide nwc-inp-dash nwc-inp-sm"
              disabled={false}
              id="select-test"
              maxLength={null}
              name={null}
              onBlur={[Function]}
              onChange={[Function]}
              onFocus={[Function]}
              onKeyDown={[Function]}
              placeholder="Enter text"
              readOnly={false}
              tabIndex="0"
              type="text"
              value=""
            />
          </Input>
          <i
            className="icomoon-arrow_bottom nwc-select-arrowbottom"
          />
        </label>
      </Label>
    </div>
  </Select>
  <Select
    className="nwc-select-secondary"
    getSelection={[Function]}
    id="select1-test"
    inpList={
      Array [
        "Delhi",
        "Mumbai",
        "Gujarat",
        "Karnataka",
      ]
    }
    renderList={[Function]}
    selectedIndex={0}
    selectedValue="Delhi"
  >
    <div
      className="nwc-select-container nwc-select-secondary"
    >
      <Label
        className="nwc-select"
        htmlFor="select1-test"
      >
        <label
          className="nwc-select"
          htmlFor="select1-test"
        >
          <input
            type="hidden"
          />
          Delhi
          <Input
            checked={null}
            className="nwc-inp-hide nwc-inp-dash nwc-inp-sm"
            disabled={false}
            id="select1-test"
            inputRef={[Function]}
            maxLength={null}
            name={null}
            onBlur={[Function]}
            onChange={[Function]}
            onFocus={[Function]}
            onKeyDown={[Function]}
            placeholder="Enter text"
            readOnly={false}
            type="text"
            validateWithPattern={null}
            value=""
          >
            <input
              checked={null}
              className="nwc-inp  nwc-inp-hide nwc-inp-dash nwc-inp-sm"
              disabled={false}
              id="select1-test"
              maxLength={null}
              name={null}
              onBlur={[Function]}
              onChange={[Function]}
              onFocus={[Function]}
              onKeyDown={[Function]}
              placeholder="Enter text"
              readOnly={false}
              tabIndex="0"
              type="text"
              value=""
            />
          </Input>
          <i
            className="icomoon-arrow_bottom nwc-select-arrowbottom"
          />
        </label>
      </Label>
    </div>
  </Select>
</SelectExample>
`;

exports[`Root Component Tests Matches Shallow SnapShot 1`] = `
<React.Fragment>
  <Select
    className=""
    getSelection={[Function]}
    id="select-test"
    inpList={
      Array [
        "Delhi",
        "Mumbai",
        "Gujarat",
        "Karnataka",
      ]
    }
    renderList={[Function]}
    selectedIndex={-1}
    selectedValue="Delhi"
  />
  <Select
    className="nwc-select-secondary"
    getSelection={[Function]}
    id="select1-test"
    inpList={
      Array [
        "Delhi",
        "Mumbai",
        "Gujarat",
        "Karnataka",
      ]
    }
    renderList={[Function]}
    selectedIndex={0}
    selectedValue="Delhi"
  />
</React.Fragment>
`;
