// Jest Snapshot v1, https://goo.gl/fbAQLP

exports[`Root Component Tests Matches Mounted SnapShot 1`] = `ReactWrapper {}`;

exports[`Root Component Tests Matches Shallow SnapShot 1`] = `
<Fragment>
  <Input
    checked={null}
    className=""
    disabled={false}
    id="sample-text-input"
    inputRef={[Function]}
    maxLength={6}
    name={null}
    onChange={[Function]}
    placeholder="Enter between [1-5]"
    type="text"
    validateWithPattern={
      Array [
        Object {
          "msg": "Value must be a number",
          "pattern": /\\^\\(\\(\\\\d\\+\\)\\*\\)\\?\\$/,
        },
        Object {
          "msg": "Between 1-5",
          "pattern": /\\^\\(\\(\\[1-5\\]\\+\\)\\*\\)\\?\\$/,
        },
      ]
    }
    value=""
  />
  <div />
  <Input
    checked={false}
    className=""
    disabled={false}
    id="sample-checkbox"
    inputRef={[Function]}
    maxLength={null}
    name="sampleCheckbox"
    onChange={[Function]}
    onKeyDown={[Function]}
    placeholder={null}
    type="checkbox"
    validateWithPattern={null}
    value="0"
  />
  <Input
    checked={false}
    className=""
    disabled={false}
    id="sample-radio"
    inputRef={[Function]}
    maxLength={null}
    name="sampleRadio"
    onChange={[Function]}
    onKeyDown={[Function]}
    placeholder={null}
    type="radio"
    validateWithPattern={null}
    value="0"
  />
  <Input
    checked={null}
    className=""
    disabled={false}
    id="sample-number-nomaxlength"
    inputRef={[Function]}
    maxLength={null}
    name="sampleNumber"
    onChange={[Function]}
    placeholder={null}
    type="number"
    validateWithPattern={null}
    value=""
  />
  <Input
    checked={null}
    className=""
    disabled={false}
    id="sample-number"
    inputRef={[Function]}
    maxLength={5}
    name="sampleNumber"
    onChange={[Function]}
    placeholder={null}
    type="number"
    validateWithPattern={null}
    value=""
  />
</Fragment>
`;
