// Jest Snapshot v1, https://goo.gl/fbAQLP

exports[`Root Component Tests Matches Mounted SnapShot 1`] = `ReactWrapper {}`;

exports[`Root Component Tests Matches Shallow SnapShot 1`] = `
<div>
  <LazyImg
    alt=""
    className="nw-carouselexample-img1"
    index={0}
    offset={300}
    onError={[Function]}
    onLoad={[Function]}
    onWinLoad={true}
    parentElement={null}
    src="https://static.nnnow.com/client/assets/images/nnnow-logo-beta_1.png"
  />
  <LazyImg
    alt=""
    className="nw-carouselexample-img2"
    index={0}
    offset={300}
    onError={[Function]}
    onLoad={[Function]}
    onWinLoad={false}
    parentElement={null}
    src="https://static.nnnow.com/client/assets/images/nnnow-logo-beta_1.png"
  />
</div>
`;
