// Jest Snapshot v1, https://goo.gl/fbAQLP

exports[`Root Component Tests Matches Mounted SnapShot 1`] = `ReactWrapper {}`;

exports[`Root Component Tests Matches Shallow SnapShot 1`] = `
<Img
  alt=""
  className=""
  onError={[Function]}
  onLoad={[Function]}
  src="https://static.nnnow.com/client/assets/images/icon/defaultSkuImage.png"
/>
`;
