// Jest Snapshot v1, https://goo.gl/fbAQLP

exports[`Root Component Tests Matches Mounted SnapShot 1`] = `ReactWrapper {}`;

exports[`Root Component Tests Matches Mounted SnapShot Mobile 1`] = `ReactWrapper {}`;

exports[`Root Component Tests Matches Shallow SnapShot 1`] = `
<Modal
  className="nw-modal"
  isOpen={false}
  onClose={[Function]}
>
  <div>
    Hai
  </div>
</Modal>
`;
