// Jest Snapshot v1, https://goo.gl/fbAQLP

exports[`Root Component Tests Matches Rendered SnapShot 1`] = `
<div
  className="nwc-autocomplete "
>
  <input
    checked={null}
    className="nwc-inp  "
    disabled={false}
    id="autocomplete-input"
    maxLength={null}
    name={null}
    onBlur={[Function]}
    onChange={[Function]}
    onFocus={[Function]}
    onKeyDown={[Function]}
    placeholder="Enter text"
    tabIndex="0"
    type="text"
    value=""
  />
</div>
`;

exports[`Root Component Tests Matches Shallow SnapShot 1`] = `
<Autocomplete
  className=""
  getSelection={[Function]}
  inpList={
    Array [
      "Arrow",
      "Levis",
      "Gap",
    ]
  }
  minTextLength={0}
  renderInput={[Function]}
  renderList={[Function]}
  selectedIndex={0}
/>
`;
