// Jest Snapshot v1, https://goo.gl/fbAQLP

exports[`Root Component Tests Matches Mounted SnapShot 1`] = `ReactWrapper {}`;

exports[`Root Component Tests Matches Shallow SnapShot 1`] = `
<GridColumn
  className="nw-block nw-block-white"
>
  <h1>
    Masonry
  </h1>
  <GridRow
    className=""
  >
    <Masonry
      base={12}
      className=""
      columnCount={
        Object {
          "lg": 2,
          "md": 3,
          "sm": 4,
          "xs": 12,
        }
      }
      data={
        Array [
          Object {
            "content": "Lorem Ipsum is simply dummy text of the printing and typesetting industry. Lorem Ipsum has been the industry's standard dummy text ever since the 1500s, when an unknown printer took a galley of type and scrambled it to make a type specimen book",
            "image": "https://i.pinimg.com/236x/a7/0f/a2/a70fa29cbdd07046f782ba7ac952a2af--charlotte-north-carolina-charlotte-nc.jpg",
            "index": 1,
          },
          Object {
            "content": "Lorem Ipsum is simply dummy text of the printing and typesetting industry. Lorem Ipsum has been the industry's standard dummy text ever since the 1500s, when an unknown printer took a galley of type and scrambled it to make a type specimen book",
            "image": "https://img1.picmix.com/output/pic/normal/9/7/6/6/3696679_c7168.gif",
            "index": 2,
          },
          Object {
            "content": "Lorem Ipsum is simply dummy text of the printing and typesetting industry. Lorem Ipsum has been the industry's standard dummy text ever since the 1500s, when an unknown printer took a galley of type and scrambled it to make a type specimen book",
            "image": "https://images.pexels.com/photos/459225/pexels-photo-459225.jpeg?auto=compress&cs=tinysrgb&dpr=2&h=650&w=940",
            "index": 3,
          },
          Object {
            "content": "Lorem Ipsum is simply dummy text of the printing and typesetting industry. Lorem Ipsum has been the industry's standard dummy text ever since the 1500s, when an unknown printer took a galley of type and scrambled it to make a type specimen book",
            "image": "https://images.fineartamerica.com/images/artworkimages/mediumlarge/1/beautiful-scenery-3-arun-sivaprasad.jpg",
            "index": 4,
          },
        ]
      }
      renderList={[Function]}
    />
  </GridRow>
</GridColumn>
`;
