// Jest Snapshot v1, https://goo.gl/fbAQLP

exports[`Root Component Tests Matches Mounted SnapShot 1`] = `ReactWrapper {}`;

exports[`Root Component Tests Matches Shallow SnapShot 1`] = `
<Fragment>
  <Ripple
    className="nwc-ripple-dark"
  >
    <Button
      className="nwc-btn-secondary"
    >
      Button with Dark Ripple
    </Button>
  </Ripple>
  <Ripple
    className="nwc-ripple-light"
  >
    <Button
      className="nwc-btn-dark-background"
    >
      Button with light Ripple
    </Button>
  </Ripple>
</Fragment>
`;
