// Jest Snapshot v1, https://goo.gl/fbAQLP

exports[`Root Component Tests Matches Mounted SnapShot 1`] = `ReactWrapper {}`;

exports[`Root Component Tests Matches Shallow SnapShot 1`] = `
<Fragment>
  <Select
    className=""
    disabled={false}
    getSelection={[Function]}
    id="select-test"
    inpList={
      Array [
        "Delhi",
        "Mumbai",
        "Gujarat",
        "Karnataka",
      ]
    }
    renderList={[Function]}
    selectedIndex={-1}
    selectedValue="Delhi"
  />
  <Select
    className="nwc-select-secondary"
    disabled={false}
    getSelection={[Function]}
    id="select1-test"
    inpList={
      Array [
        "Delhi",
        "Mumbai",
        "Gujarat",
        "Karnataka",
      ]
    }
    renderList={[Function]}
    selectedIndex={0}
    selectedValue="Delhi"
  />
</Fragment>
`;
